[NX v21.2.2 Daemon Server] - 2025-07-05T11:39:36.225Z - Started listening on: /tmp/63e4a0fa79e05ae49dbe/d.sock
[NX v21.2.2 Daemon Server] - 2025-07-05T11:39:36.226Z - [WATCHER]: Subscribed to changes within: /home/devsupreme/sshield (native)
[NX v21.2.2 Daemon Server] - 2025-07-05T11:39:36.228Z - Established a connection. Number of open connections: 1
[NX v21.2.2 Daemon Server] - 2025-07-05T11:39:36.228Z - Established a connection. Number of open connections: 2
[NX v21.2.2 Daemon Server] - 2025-07-05T11:39:36.229Z - Closed a connection. Number of open connections: 1
[NX v21.2.2 Daemon Server] - 2025-07-05T11:39:36.230Z - [REQUEST]: Client Request for Project Graph Received
[NX v21.2.2 Daemon Server] - 2025-07-05T11:39:36.239Z - Time taken for 'loadSpecifiedNxPlugins' 0.9844480000000004ms
[NX v21.2.2 Daemon Server] - 2025-07-05T11:39:36.337Z - Time taken for 'Load Nx Plugin: /home/devsupreme/sshield/node_modules/.pnpm/nx@21.2.2/node_modules/nx/src/plugins/package-json' 106.01408100000002ms
[NX v21.2.2 Daemon Server] - 2025-07-05T11:39:36.346Z - Time taken for 'Load Nx Plugin: /home/devsupreme/sshield/node_modules/.pnpm/nx@21.2.2/node_modules/nx/src/plugins/project-json/build-nodes/project-json' 114.40364600000001ms
[NX v21.2.2 Daemon Server] - 2025-07-05T11:39:36.356Z - [REQUEST]: Updated workspace context based on watched changes, recomputing project graph...
[NX v21.2.2 Daemon Server] - 2025-07-05T11:39:36.357Z - [REQUEST]: 
[NX v21.2.2 Daemon Server] - 2025-07-05T11:39:36.357Z - [REQUEST]: 
[NX v21.2.2 Daemon Server] - 2025-07-05T11:39:36.360Z - Time taken for 'loadDefaultNxPlugins' 125.74362199999999ms
[NX v21.2.2 Daemon Server] - 2025-07-05T11:39:36.394Z - Time taken for 'build-project-configs' 27.41194299999998ms
[NX v21.2.2 Daemon Server] - 2025-07-05T11:39:36.399Z - [SYNC]: collect registered sync generators
[NX v21.2.2 Daemon Server] - 2025-07-05T11:39:36.399Z - [REQUEST]: Responding to the client. project-graph
[NX v21.2.2 Daemon Server] - 2025-07-05T11:39:36.399Z - Done responding to the client project-graph
[NX v21.2.2 Daemon Server] - 2025-07-05T11:39:36.399Z - Handled REQUEST_PROJECT_GRAPH. Handling time: 169. Response time: 0.
[NX v21.2.2 Daemon Server] - 2025-07-05T11:39:36.399Z - Time taken for 'total for creating and serializing project graph' 169.08558700000003ms
[NX v21.2.2 Daemon Server] - 2025-07-05T11:39:36.409Z - Closed a connection. Number of open connections: 0
[NX v21.2.2 Daemon Server] - 2025-07-05T11:42:03.757Z - Established a connection. Number of open connections: 1
[NX v21.2.2 Daemon Server] - 2025-07-05T11:42:03.758Z - Closed a connection. Number of open connections: 0
[NX v21.2.2 Daemon Server] - 2025-07-05T11:42:03.758Z - Established a connection. Number of open connections: 1
[NX v21.2.2 Daemon Server] - 2025-07-05T11:42:03.760Z - [REQUEST]: Client Request for Project Graph Received
[NX v21.2.2 Daemon Server] - 2025-07-05T11:42:03.760Z - [REQUEST]: Responding to the client. project-graph
[NX v21.2.2 Daemon Server] - 2025-07-05T11:42:03.760Z - Done responding to the client project-graph
[NX v21.2.2 Daemon Server] - 2025-07-05T11:42:03.760Z - Handled REQUEST_PROJECT_GRAPH. Handling time: 0. Response time: 0.
[NX v21.2.2 Daemon Server] - 2025-07-05T11:42:03.760Z - Time taken for 'total for creating and serializing project graph' 0.20716099999845028ms
[NX v21.2.2 Daemon Server] - 2025-07-05T11:42:03.763Z - Closed a connection. Number of open connections: 0
[NX v21.2.2 Daemon Server] - 2025-07-05T11:42:31.174Z - Established a connection. Number of open connections: 1
[NX v21.2.2 Daemon Server] - 2025-07-05T11:42:31.175Z - Closed a connection. Number of open connections: 0
[NX v21.2.2 Daemon Server] - 2025-07-05T11:42:31.175Z - Established a connection. Number of open connections: 1
[NX v21.2.2 Daemon Server] - 2025-07-05T11:42:31.176Z - [REQUEST]: Client Request for Project Graph Received
[NX v21.2.2 Daemon Server] - 2025-07-05T11:42:31.177Z - [REQUEST]: Responding to the client. project-graph
[NX v21.2.2 Daemon Server] - 2025-07-05T11:42:31.177Z - Done responding to the client project-graph
[NX v21.2.2 Daemon Server] - 2025-07-05T11:42:31.177Z - Handled REQUEST_PROJECT_GRAPH. Handling time: 1. Response time: 0.
[NX v21.2.2 Daemon Server] - 2025-07-05T11:42:31.177Z - Time taken for 'total for creating and serializing project graph' 0.20976500000688247ms
[NX v21.2.2 Daemon Server] - 2025-07-05T11:42:31.254Z - Closed a connection. Number of open connections: 0
[NX v21.2.2 Daemon Server] - 2025-07-05T11:42:52.410Z - Established a connection. Number of open connections: 1
[NX v21.2.2 Daemon Server] - 2025-07-05T11:42:52.411Z - Closed a connection. Number of open connections: 0
[NX v21.2.2 Daemon Server] - 2025-07-05T11:42:52.412Z - Established a connection. Number of open connections: 1
[NX v21.2.2 Daemon Server] - 2025-07-05T11:42:52.413Z - [REQUEST]: Client Request for Project Graph Received
[NX v21.2.2 Daemon Server] - 2025-07-05T11:42:52.413Z - [REQUEST]: Responding to the client. project-graph
[NX v21.2.2 Daemon Server] - 2025-07-05T11:42:52.413Z - Done responding to the client project-graph
[NX v21.2.2 Daemon Server] - 2025-07-05T11:42:52.413Z - Handled REQUEST_PROJECT_GRAPH. Handling time: 0. Response time: 0.
[NX v21.2.2 Daemon Server] - 2025-07-05T11:42:52.413Z - Time taken for 'total for creating and serializing project graph' 0.17217800000798889ms
[NX v21.2.2 Daemon Server] - 2025-07-05T11:42:52.469Z - Closed a connection. Number of open connections: 0
[NX v21.2.2 Daemon Server] - 2025-07-28T03:22:09.455Z - Started listening on: /tmp/9e5dfe9759abf5ea51f4/d.sock
[NX v21.2.2 Daemon Server] - 2025-07-28T03:22:09.458Z - [WATCHER]: Subscribed to changes within: /home/devsupreme/sshield-v2 (native)
[NX v21.2.2 Daemon Server] - 2025-07-28T03:22:09.460Z - Established a connection. Number of open connections: 1
[NX v21.2.2 Daemon Server] - 2025-07-28T03:22:09.460Z - Established a connection. Number of open connections: 2
[NX v21.2.2 Daemon Server] - 2025-07-28T03:22:09.461Z - Closed a connection. Number of open connections: 1
[NX v21.2.2 Daemon Server] - 2025-07-28T03:22:09.462Z - [REQUEST]: Responding to the client. Shutdown initiated
[NX v21.2.2 Daemon Server] - 2025-07-28T03:22:09.463Z - Done responding to the client Shutdown initiated
[NX v21.2.2 Daemon Server] - 2025-07-28T03:22:09.463Z - Handled FORCE_SHUTDOWN. Handling time: 0. Response time: 1.
[NX v21.2.2 Daemon Server] - 2025-07-28T03:22:09.463Z - Closed a connection. Number of open connections: 0
[NX v21.2.2 Daemon Server] - 2025-07-28T03:22:09.463Z - [WATCHER]: Stopping the watcher for /home/devsupreme/sshield-v2 (sources)
[NX v21.2.2 Daemon Server] - 2025-07-28T03:22:09.464Z - [WATCHER]: Stopping the watcher for /home/devsupreme/sshield-v2 (outputs)
[NX v21.2.2 Daemon Server] - 2025-07-28T03:22:09.464Z - Server stopped because: "Request to shutdown"
